// Jest Snapshot v1, https://goo.gl/fbAQLP

exports[`Actor renders correctly 1`] = `
<div
  className="searchBarContainer"
>
  <input
    className="inputSearch"
    onChange={[Function]}
    onKeyDown={[Function]}
    type="text"
    value=""
  />
  <button
    className="buttonStyle"
    onClick={[Function]}
  >
    <img
      alt="magnifying glass"
      src="https://img.icons8.com/ios-glyphs/30/000000/search.png"
    />
  </button>
  <div
    className="selectedComponent"
  />
</div>
`;
